8.0048 ready dip0=0x80
8.0210 call 0xf754(1,257664,0,0) = 7 (0x7)
8.0210 peek 0x3ee80 01000200 03000400 63006200 05000000 00000000 00000000 00000000 00000000 00000000 00000000 00000000 00000000 
8.0369 call 0xf754(2,257664,0,0) = 14 (0xe)
8.0369 peek 0x3ee80 06000700 09000800 7e006400 0a006500 0b000c00 0d001200 13001400 00000000 00000000 00000000 00000000 00000000 
8.0531 call 0xf754(3,257664,0,0) = 6 (0x6)
8.0531 peek 0x3ee80 15001600 18001900 1a001b00 00006500 0b000c00 0d001200 13001400 00000000 00000000 00000000 00000000 00000000 
8.0848 call 0xf754(4,257664,0,0) = 5 (0x5)
8.0848 peek 0x3ee80 1c001d00 1e001f00 20000000 00006500 0b000c00 0d001200 13001400 00000000 00000000 00000000 00000000 00000000 
8.1167 call 0xf754(5,257664,0,0) = 7 (0x7)
8.1167 peek 0x3ee80 21002200 23002400 26002700 28000000 0b000c00 0d001200 13001400 00000000 00000000 00000000 00000000 00000000 
8.1330 call 0xf754(6,257664,0,0) = 5 (0x5)
8.1330 peek 0x3ee80 29002a00 2b002c00 2d000000 28000000 0b000c00 0d001200 13001400 00000000 00000000 00000000 00000000 00000000 
8.1488 call 0xf754(7,257664,0,0) = 6 (0x6)
8.1488 peek 0x3ee80 2e002f00 30003100 32003300 00000000 0b000c00 0d001200 13001400 00000000 00000000 00000000 00000000 00000000 
8.1808 call 0xf754(8,257664,0,0) = 7 (0x7)
8.1808 peek 0x3ee80 34003500 7c003600 37003800 39000000 0b000c00 0d001200 13001400 00000000 00000000 00000000 00000000 00000000 
8.2130 call 0xf754(9,257664,0,0) = 5 (0x5)
8.2130 peek 0x3ee80 3a007d00 3b003c00 3d000000 39000000 0b000c00 0d001200 13001400 00000000 00000000 00000000 00000000 00000000 
8.2288 call 0xf754(10,257664,0,0) = 9 (0x9)
8.2288 peek 0x3ee80 3e003f00 6b004000 41004300 44004500 46000000 0d001200 13001400 00000000 00000000 00000000 00000000 00000000 
8.2451 call 0xf754(11,257664,0,0) = 16 (0x10)
8.2451 peek 0x3ee80 47004800 49004a00 4b006600 67006800 4c004d00 69006a00 4e004f00 50005100 00000000 00000000 00000000 00000000 
8.2768 call 0xf754(12,257664,0,0) = 9 (0x9)
8.2768 peek 0x3ee80 52005300 6c006d00 54005500 56005700 58000000 69006a00 4e004f00 50005100 00000000 00000000 00000000 00000000 
8.2931 call 0xf754(13,257664,0,0) = 4 (0x4)
8.2931 peek 0x3ee80 59005a00 5b005c00 00005500 56005700 58000000 69006a00 4e004f00 50005100 00000000 00000000 00000000 00000000 
8.3248 call 0xf754(14,257664,0,0) = 5 (0x5)
8.3248 peek 0x3ee80 5d005e00 5f006000 61000000 56005700 58000000 69006a00 4e004f00 50005100 00000000 00000000 00000000 00000000 
8.3568 call 0xf754(15,257664,0,0) = 5 (0x5)
8.3568 peek 0x3ee80 6e007100 72007300 74000000 56005700 58000000 69006a00 4e004f00 50005100 00000000 00000000 00000000 00000000 
8.3740 call 0xf754(16,257664,0,0) = 4 (0x4)
8.3740 peek 0x3ee80 75007900 7a007b00 00000000 56005700 58000000 69006a00 4e004f00 50005100 00000000 00000000 00000000 00000000 
8.3888 call 0xf754(17,257664,0,0) = 7 (0x7)
8.3888 peek 0x3ee80 7f008000 81008200 83008400 85000000 58000000 69006a00 4e004f00 50005100 00000000 00000000 00000000 00000000 
8.4208 call 0xe90(1,0,0,0) = 2 (0x2)
8.4530 call 0xf28(1,0,0,0) = 2 (0x2)
8.4688 call 0xe90(2,0,0,0) = 1 (0x1)
8.5009 call 0xf28(2,0,0,0) = 1 (0x1)
8.5168 call 0xe90(3,0,0,0) = 0 (0x0)
8.5331 call 0xf28(3,0,0,0) = 0 (0x0)
8.5488 call 0xe90(4,0,0,0) = 1 (0x1)
8.5808 call 0xf28(4,0,0,0) = 1 (0x1)
8.6130 call 0xe90(5,0,0,0) = 2 (0x2)
8.6287 call 0xf28(5,0,0,0) = 2 (0x2)
8.6448 call 0xe90(6,0,0,0) = 0 (0x0)
8.6768 call 0xf28(6,0,0,0) = 0 (0x0)
8.6931 call 0xe90(7,0,0,0) = 0 (0x0)
8.7248 call 0xf28(7,0,0,0) = 0 (0x0)
8.7569 call 0xe90(8,0,0,0) = 0 (0x0)
8.7730 call 0xf28(8,0,0,0) = 0 (0x0)
8.7888 call 0xe90(9,0,0,0) = 1 (0x1)
8.8208 call 0xf28(9,0,0,0) = 1 (0x1)
8.8530 call 0xe90(10,0,0,0) = 1 (0x1)
8.8687 call 0xf28(10,0,0,0) = 1 (0x1)
8.8848 call 0xe90(11,0,0,0) = 3 (0x3)
8.9168 call 0xf28(11,0,0,0) = 3 (0x3)
8.9331 call 0xe90(12,0,0,0) = 10 (0xa)
8.9648 call 0xf28(12,0,0,0) = 10 (0xa)
8.9967 call 0xe90(13,0,0,0) = 0 (0x0)
9.0134 call 0xf28(13,0,0,0) = 0 (0x0)
9.0288 call 0xe90(14,0,0,0) = 1 (0x1)
9.0448 call 0xf28(14,0,0,0) = 1 (0x1)
9.0768 call 0xe90(15,0,0,0) = 20000000 (0x1312d00)
9.0931 call 0xf28(15,0,0,0) = 20000000 (0x1312d00)
9.1247 call 0xe90(16,0,0,0) = 60000000 (0x3938700)
9.1410 call 0xf28(16,0,0,0) = 60000000 (0x3938700)
9.1588 call 0xe90(17,0,0,0) = 15000000 (0xe4e1c0)
9.1733 call 0xf28(17,0,0,0) = 15000000 (0xe4e1c0)
9.2050 call 0xe90(18,0,0,0) = 30000000 (0x1c9c380)
9.2370 call 0xf28(18,0,0,0) = 30000000 (0x1c9c380)
9.2533 call 0xe90(19,0,0,0) = 45000000 (0x2aea540)
9.2692 call 0xf28(19,0,0,0) = 45000000 (0x2aea540)
9.3010 call 0xe90(20,0,0,0) = 60000000 (0x3938700)
9.3333 call 0xf28(20,0,0,0) = 60000000 (0x3938700)
9.3490 call 0xe90(21,0,0,0) = 1 (0x1)
9.3810 call 0xf28(21,0,0,0) = 1 (0x1)
9.3970 call 0xe90(22,0,0,0) = 1 (0x1)
9.4133 call 0xf28(22,0,0,0) = 1 (0x1)
9.4450 call 0xe90(23,0,0,0) = 0 (0x0)
9.4770 call 0xf28(23,0,0,0) = 0 (0x0)
9.4933 call 0xe90(24,0,0,0) = 10 (0xa)
9.5251 call 0xf28(24,0,0,0) = 10 (0xa)
9.5410 call 0xe90(25,0,0,0) = 5 (0x5)
9.5733 call 0xf28(25,0,0,0) = 5 (0x5)
9.5890 call 0xe90(26,0,0,0) = 5 (0x5)
9.6210 call 0xf28(26,0,0,0) = 5 (0x5)
9.6533 call 0xe90(27,0,0,0) = 25 (0x19)
9.6690 call 0xf28(27,0,0,0) = 25 (0x19)
9.7010 call 0xe90(28,0,0,0) = 62 (0x3e)
9.7333 call 0xf28(28,0,0,0) = 62 (0x3e)
9.7490 call 0xe90(29,0,0,0) = 0 (0x0)
9.7811 call 0xf28(29,0,0,0) = 0 (0x0)
9.7970 call 0xe90(30,0,0,0) = 9 (0x9)
9.8133 call 0xf28(30,0,0,0) = 9 (0x9)
9.8450 call 0xe90(31,0,0,0) = 3 (0x3)
9.8770 call 0xf28(31,0,0,0) = 3 (0x3)
9.8933 call 0xe90(32,0,0,0) = 2 (0x2)
9.9090 call 0xf28(32,0,0,0) = 2 (0x2)
9.9410 call 0xe90(33,0,0,0) = 30 (0x1e)
9.9733 call 0xf28(33,0,0,0) = 30 (0x1e)
9.9890 call 0xe90(34,0,0,0) = 0 (0x0)
10.0052 call 0xf28(34,0,0,0) = 0 (0x0)
10.0210 call 0xe90(35,0,0,0) = 2 (0x2)
10.0372 call 0xf28(35,0,0,0) = 2 (0x2)
10.0533 call 0xe90(36,0,0,0) = 1 (0x1)
10.0850 call 0xf28(36,0,0,0) = 1 (0x1)
10.1170 call 0xe90(37,0,0,0) = 0 (0x0)
10.1333 call 0xf28(37,0,0,0) = 0 (0x0)
10.1650 call 0xe90(38,0,0,0) = 5 (0x5)
10.1810 call 0xf28(38,0,0,0) = 5 (0x5)
10.2133 call 0xe90(39,0,0,0) = 0 (0x0)
10.2290 call 0xf28(39,0,0,0) = 0 (0x0)
10.2610 call 0xe90(40,0,0,0) = 0 (0x0)
10.2933 call 0xf28(40,0,0,0) = 0 (0x0)
10.3090 call 0xe90(41,0,0,0) = 0 (0x0)
10.3410 call 0xf28(41,0,0,0) = 0 (0x0)
10.3733 call 0xe90(42,0,0,0) = 0 (0x0)
10.3890 call 0xf28(42,0,0,0) = 0 (0x0)
10.4210 call 0xe90(43,0,0,0) = 1 (0x1)
10.4370 call 0xf28(43,0,0,0) = 1 (0x1)
10.4533 call 0xe90(44,0,0,0) = 0 (0x0)
10.4850 call 0xf28(44,0,0,0) = 0 (0x0)
10.5170 call 0xe90(45,0,0,0) = 0 (0x0)
10.5333 call 0xf28(45,0,0,0) = 0 (0x0)
10.5491 call 0xe90(46,0,0,0) = 1 (0x1)
10.5650 call 0xf28(46,0,0,0) = 1 (0x1)
10.5970 call 0xe90(47,0,0,0) = 0 (0x0)
10.6134 call 0xf28(47,0,0,0) = 0 (0x0)
10.6450 call 0xe90(48,0,0,0) = 1 (0x1)
10.6770 call 0xf28(48,0,0,0) = 1 (0x1)
10.6933 call 0xe90(49,0,0,0) = 75000000 (0x47868c0)
10.7090 call 0xf28(49,0,0,0) = 75000000 (0x47868c0)
10.7410 call 0xe90(50,0,0,0) = 55000000 (0x3473bc0)
10.7733 call 0xf28(50,0,0,0) = 55000000 (0x3473bc0)
10.7890 call 0xe90(51,0,0,0) = 40000000 (0x2625a00)
10.8052 call 0xf28(51,0,0,0) = 40000000 (0x2625a00)
10.8370 call 0xe90(52,0,0,0) = 30000000 (0x1c9c380)
10.8534 call 0xf28(52,0,0,0) = 30000000 (0x1c9c380)
10.8850 call 0xe90(53,0,0,0) = 25000000 (0x17d7840)
10.9170 call 0xf28(53,0,0,0) = 25000000 (0x17d7840)
10.9333 call 0xe90(54,0,0,0) = 0 (0x0)
10.9490 call 0xf28(54,0,0,0) = 0 (0x0)
10.9810 call 0xe90(55,0,0,0) = 1 (0x1)
10.9972 call 0xf28(55,0,0,0) = 1 (0x1)
11.0133 call 0xe90(56,0,0,0) = 1 (0x1)
11.0290 call 0xf28(56,0,0,0) = 1 (0x1)
11.0612 call 0xe90(57,0,0,0) = 0 (0x0)
11.0770 call 0xf28(57,0,0,0) = 0 (0x0)
11.0934 call 0xe90(58,0,0,0) = 0 (0x0)
11.1250 call 0xf28(58,0,0,0) = 0 (0x0)
11.1572 call 0xe90(59,0,0,0) = 0 (0x0)
11.1753 call 0xf28(59,0,0,0) = 0 (0x0)
11.1893 call 0xe90(60,0,0,0) = 0 (0x0)
11.2053 call 0xf28(60,0,0,0) = 0 (0x0)
11.2373 call 0xe90(61,0,0,0) = 2000 (0x7d0)
11.2536 call 0xf28(61,0,0,0) = 2000 (0x7d0)
11.2853 call 0xe90(62,0,0,0) = 30 (0x1e)
11.3174 call 0xf28(62,0,0,0) = 30 (0x1e)
11.3335 call 0xe90(63,0,0,0) = 1 (0x1)
11.3493 call 0xf28(63,0,0,0) = 1 (0x1)
11.3813 call 0xe90(64,0,0,0) = 0 (0x0)
11.4136 call 0xf28(64,0,0,0) = 0 (0x0)
11.4293 call 0xe90(65,0,0,0) = 1 (0x1)
11.4453 call 0xf28(65,0,0,0) = 1 (0x1)
11.4773 call 0xe90(66,0,0,0) = 25 (0x19)
11.4936 call 0xf28(66,0,0,0) = 25 (0x19)
11.5093 call 0xe90(67,0,0,0) = 1 (0x1)
11.5413 call 0xf28(67,0,0,0) = 1 (0x1)
11.5736 call 0xe90(68,0,0,0) = 6 (0x6)
11.5893 call 0xf28(68,0,0,0) = 6 (0x6)
11.6213 call 0xe90(69,0,0,0) = 3 (0x3)
11.6535 call 0xf28(69,0,0,0) = 3 (0x3)
11.6693 call 0xe90(70,0,0,0) = 10 (0xa)
11.7013 call 0xf28(70,0,0,0) = 10 (0xa)
11.7173 call 0xe90(71,0,0,0) = 10 (0xa)
11.7336 call 0xf28(71,0,0,0) = 10 (0xa)
11.7653 call 0xe90(72,0,0,0) = 30 (0x1e)
11.7973 call 0xf28(72,0,0,0) = 30 (0x1e)
11.8136 call 0xe90(73,0,0,0) = 30 (0x1e)
11.8294 call 0xf28(73,0,0,0) = 30 (0x1e)
11.8613 call 0xe90(74,0,0,0) = 30 (0x1e)
11.8936 call 0xf28(74,0,0,0) = 30 (0x1e)
11.9093 call 0xe90(75,0,0,0) = 1 (0x1)
11.9413 call 0xf28(75,0,0,0) = 1 (0x1)
11.9573 call 0xe90(76,0,0,0) = 0 (0x0)
11.9736 call 0xf28(76,0,0,0) = 0 (0x0)
11.9894 call 0xe90(77,0,0,0) = 0 (0x0)
12.0053 call 0xf28(77,0,0,0) = 0 (0x0)
12.0373 call 0xe90(78,0,0,0) = 0 (0x0)
12.0536 call 0xf28(78,0,0,0) = 0 (0x0)
12.0854 call 0xe90(79,0,0,0) = 0 (0x0)
12.1013 call 0xf28(79,0,0,0) = 0 (0x0)
12.1335 call 0xe90(80,0,0,0) = 0 (0x0)
12.1493 call 0xf28(80,0,0,0) = 0 (0x0)
12.1813 call 0xe90(81,0,0,0) = 0 (0x0)
12.2136 call 0xf28(81,0,0,0) = 0 (0x0)
12.2293 call 0xe90(82,0,0,0) = 1 (0x1)
12.2613 call 0xf28(82,0,0,0) = 1 (0x1)
12.2935 call 0xe90(83,0,0,0) = 2 (0x2)
12.3093 call 0xf28(83,0,0,0) = 2 (0x2)
12.3414 call 0xe90(84,0,0,0) = 8 (0x8)
12.3573 call 0xf28(84,0,0,0) = 8 (0x8)
12.3736 call 0xe90(85,0,0,0) = 1 (0x1)
12.4053 call 0xf28(85,0,0,0) = 1 (0x1)
12.4373 call 0xe90(86,0,0,0) = 3 (0x3)
12.4536 call 0xf28(86,0,0,0) = 3 (0x3)
12.4693 call 0xe90(87,0,0,0) = 0 (0x0)
12.5012 call 0xf28(87,0,0,0) = 0 (0x0)
12.5173 call 0xe90(88,0,0,0) = 0 (0x0)
12.5336 call 0xf28(88,0,0,0) = 0 (0x0)
12.5974 audit 1 sel=0xc0 type=1 value=0 text="0"
12.6293 audit 2 sel=0xc0 type=2 value=0 text="0%"
12.6936 audit 3 sel=0xc0 type=3 value=0 text=" 0:00"
12.7253 audit 4 sel=0xc0 type=3 value=0 text=" 0:00"
12.7736 audit 5 sel=0xc0 type=1 value=0 text="0"
12.8373 audit 6 sel=0xc0 type=1 value=0 text="0"
12.8693 audit 7 sel=0xc0 type=1 value=0 text="0"
12.9335 audit 8 sel=0xc0 type=1 value=0 text="0"
12.9814 audit 9 sel=0xc0 type=1 value=0 text="0"
13.0135 audit 10 sel=0xc0 type=1 value=0 text="0"
13.0613 audit 11 sel=0xc0 type=4 value=0 text="USD 0.00"
13.1094 audit 12 sel=0xc0 type=1 value=0 text="0"
13.1573 audit 13 sel=0xc0 type=1 value=0 text="0"
13.1913 audit 14 sel=0xc0 type=1 value=0 text="0"
13.2375 audit 15 sel=0xc0 type=1 value=0 text="0"
13.2855 audit 16 sel=0xc0 type=2 value=0 text="0%"
13.3339 audit 17 sel=0xc0 type=1 value=0 text="0"
13.3815 audit 18 sel=0xc0 type=1 value=0 text="0"
13.4295 audit 19 sel=0xc0 type=1 value=0 text="0"
13.4938 audit 20 sel=0xc0 type=1 value=0 text="0"
13.5415 audit 21 sel=0xc0 type=1 value=0 text="0"
13.5895 audit 22 sel=0xc0 type=2 value=0 text="0%"
13.6375 audit 23 sel=0xc0 type=1 value=0 text="0"
13.6855 audit 24 sel=0xc0 type=2 value=0 text="0%"
13.7339 audit 25 sel=0xc0 type=1 value=0 text="0"
13.7815 audit 26 sel=0xc0 type=1 value=0 text="0"
13.8295 audit 27 sel=0xc0 type=2 value=0 text="0%"
13.8777 audit 28 sel=0xc0 type=1 value=0 text="0"
13.9255 audit 29 sel=0xc0 type=1 value=0 text="0"
13.9740 audit 30 sel=0xc0 type=5 value=0 text="00"
14.0055 audit 31 sel=0xc0 type=5 value=0 text="00"
14.0538 audit 32 sel=0xc0 type=5 value=0 text="00"
14.1015 audit 33 sel=0xc0 type=5 value=0 text="00"
14.1495 audit 34 sel=0xc0 type=5 value=0 text="00"
14.2139 audit 35 sel=0xc0 type=5 value=0 text="00"
14.2615 audit 36 sel=0xc0 type=5 value=0 text="00"
14.2939 audit 37 sel=0xc0 type=5 value=0 text="00"
14.3575 audit 38 sel=0xc0 type=5 value=0 text="00"
14.3897 audit 39 sel=0xc0 type=5 value=0 text="00"
14.4538 audit 40 sel=0xc0 type=5 value=0 text="00"
14.4856 audit 41 sel=0xc0 type=5 value=0 text="00"
14.5338 audit 42 sel=0xc0 type=5 value=0 text="00"
14.5815 audit 43 sel=0xc0 type=5 value=0 text="00"
14.6295 audit 44 sel=0xc0 type=5 value=0 text="00"
14.6775 audit 45 sel=0xc0 type=5 value=0 text="00"
14.7255 audit 46 sel=0xc0 type=5 value=0 text="00"
14.7739 audit 47 sel=0xc0 type=5 value=0 text="00"
14.8215 audit 48 sel=0xc0 type=1 value=0 text="0"
14.8695 audit 49 sel=0xc0 type=1 value=0 text="0"
14.9175 audit 50 sel=0xc0 type=1 value=0 text="0"
14.9657 audit 51 sel=0xc0 type=1 value=0 text="0"
14.9975 audit 52 sel=0xc0 type=1 value=0 text="0"
15.0295 audit 53 sel=0xc0 type=1 value=0 text="0"
15.0938 audit 54 sel=0xc0 type=1 value=0 text="0"
15.1415 audit 55 sel=0xc0 type=1 value=0 text="0"
15.1738 audit 56 sel=0xc0 type=1 value=0 text="0"
15.2218 audit 57 sel=0xc0 type=1 value=0 text="0"
15.2698 audit 58 sel=0xc0 type=1 value=0 text="0"
15.3178 audit 59 sel=0xc0 type=1 value=0 text="0"
15.3657 audit 60 sel=0xc0 type=1 value=0 text="0"
15.4142 audit 61 sel=0xc0 type=1 value=0 text="0"
15.4618 audit 62 sel=0xc0 type=1 value=0 text="0"
15.4941 audit 63 sel=0xc0 type=1 value=0 text="0"
15.5418 audit 64 sel=0xc0 type=1 value=0 text="0"
15.5898 audit 65 sel=0xc0 type=1 value=0 text="0"
15.6540 audit 66 sel=0xc0 type=1 value=0 text="0"
15.6858 audit 67 sel=0xc0 type=1 value=0 text="0"
15.7341 audit 68 sel=0xc0 type=1 value=0 text="0"
15.7978 audit 69 sel=0xc0 type=1 value=0 text="0"
15.8298 audit 70 sel=0xc0 type=1 value=0 text="0"
15.8940 audit 71 sel=0xc0 type=1 value=0 text="0"
15.9259 audit 72 sel=0xc0 type=2 value=0 text="0%"
15.9740 audit 73 sel=0xc0 type=6 value=0 text="0|0% OF GAMES"
16.0218 audit 74 sel=0xc0 type=6 value=0 text="0|0% OF GAMES"
16.0698 audit 75 sel=0xc0 type=6 value=0 text="0|0% OF GAMES"
16.1340 audit 76 sel=0xc0 type=6 value=0 text="0|0% OF GAMES"
16.1819 audit 77 sel=0xc0 type=6 value=0 text="0|0% OF GAMES"
16.2142 audit 78 sel=0xc0 type=6 value=0 text="0|0% OF GAMES"
16.2778 audit 79 sel=0xc0 type=6 value=0 text="0|0% OF GAMES"
16.3098 audit 80 sel=0xc0 type=6 value=0 text="0|0% OF GAMES"
16.3740 audit 81 sel=0xc0 type=6 value=0 text="0|0% OF GAMES"
16.4218 audit 82 sel=0xc0 type=6 value=0 text="0|0% OF GAMES"
16.4542 audit 83 sel=0xc0 type=6 value=0 text="0|0% OF GAMES"
16.5017 audit 84 sel=0xc0 type=6 value=0 text="0|0% OF GAMES"
16.5498 audit 85 sel=0xc0 type=6 value=0 text="0|0% OF GAMES"
16.5978 audit 86 sel=0xc0 type=6 value=0 text="0|0% OF GAMES"
16.6458 audit 87 sel=0xc0 type=6 value=0 text="0|0% OF GAMES"
16.6942 audit 88 sel=0xc0 type=6 value=0 text="0|0% OF GAMES"
16.7417 audit 89 sel=0xc0 type=6 value=0 text="0|0% OF GAMES"
16.7898 audit 90 sel=0xc0 type=6 value=0 text="0|0% OF GAMES"
16.8378 audit 91 sel=0xc0 type=1 value=0 text="0"
16.8858 audit 92 sel=0xc0 type=1 value=0 text="0"
16.9341 audit 93 sel=0xc0 type=1 value=0 text="0"
16.9658 audit 94 sel=0xc0 type=1 value=0 text="0"
17.0140 audit 95 sel=0xc0 type=1 value=0 text="0"
17.0618 audit 96 sel=0xc0 type=1 value=0 text="0"
17.0941 audit 97 sel=0xc0 type=1 value=0 text="0"
17.1578 audit 98 sel=0xc0 type=1 value=0 text="0"
17.2059 audit 99 sel=0xc0 type=1 value=0 text="0"
17.2380 audit 100 sel=0xc0 type=1 value=0 text="0"
17.2860 audit 101 sel=0xc0 type=1 value=0 text="0"
17.3344 audit 102 sel=0xc0 type=1 value=0 text="0"
17.3820 audit 103 sel=0xc0 type=6 value=0 text="0|0% OF GAMES"
17.4300 audit 104 sel=0xc0 type=6 value=0 text="0|0% OF GAMES"
17.4780 audit 105 sel=0xc0 type=6 value=0 text="0|0% OF GAMES"
17.5260 audit 106 sel=0xc0 type=6 value=0 text="0|0% OF GAMES"
17.5744 audit 107 sel=0xc0 type=6 value=0 text="0|0% OF GAMES"
17.6220 audit 108 sel=0xc0 type=6 value=0 text="0|0% OF GAMES"
17.6700 audit 109 sel=0xc0 type=6 value=0 text="0|0% OF GAMES"
17.7182 audit 110 sel=0xc0 type=6 value=0 text="0|0% OF GAMES"
17.7660 audit 111 sel=0xc0 type=6 value=0 text="0|0% OF GAMES"
17.8144 audit 112 sel=0xc0 type=6 value=0 text="0|0% OF GAMES"
17.8620 audit 113 sel=0xc0 type=6 value=0 text="0|0% OF GAMES"
17.9100 audit 114 sel=0xc0 type=6 value=0 text="0|0% OF GAMES"
17.9580 audit 115 sel=0xc0 type=6 value=0 text="0|0% OF GAMES"
17.9900 audit 116 sel=0xc0 type=6 value=0 text="0|0% OF GAMES"
18.0543 audit 117 sel=0xc0 type=6 value=0 text="0|0% OF GAMES"
18.1020 audit 118 sel=0xc0 type=6 value=0 text="0|0% OF GAMES"
18.1344 audit 119 sel=0xc0 type=6 value=0 text="0|0% OF GAMES"
18.1980 audit 120 sel=0xc0 type=6 value=0 text="0|0% OF GAMES"
18.2302 audit 121 sel=0xc0 type=6 value=0 text="0|0% OF GAMES"
18.2943 audit 122 sel=0xc0 type=6 value=0 text="0|0% OF GAMES"
18.3420 audit 123 sel=0xc0 type=6 value=0 text="0|0% OF GAMES"
18.3744 audit 124 sel=0xc0 type=6 value=0 text="0|0% OF GAMES"
18.4380 audit 125 sel=0xc0 type=6 value=0 text="0|0% OF GAMES"
18.4700 audit 126 sel=0xc0 type=6 value=0 text="0|0% OF GAMES"
18.5180 audit 127 sel=0xc0 type=6 value=0 text="0|0% OF GAMES"
18.5660 audit 128 sel=0xc0 type=6 value=0 text="0|0% OF GAMES"
18.6144 audit 129 sel=0xc0 type=6 value=0 text="0|0% OF GAMES"
18.6620 audit 130 sel=0xc0 type=6 value=0 text="0|0% OF GAMES"
18.7100 audit 131 sel=0xc0 type=6 value=0 text="0|0% OF GAMES"
18.7580 audit 132 sel=0xc0 type=6 value=0 text="0|0% OF GAMES"
18.8060 audit 133 sel=0xc0 type=6 value=0 text="0|0% OF GAMES"
18.8544 audit 134 sel=0xc0 type=6 value=0 text="0|0% OF GAMES"
18.9020 audit 135 sel=0xc0 type=6 value=0 text="0|0% OF GAMES"
18.9500 audit 136 sel=0xc0 type=6 value=0 text="0|0% OF GAMES"
18.9981 audit 137 sel=0xc0 type=6 value=0 text="0|0% OF GAMES"
19.0300 audit 138 sel=0xc0 type=6 value=0 text="0|0% OF GAMES"
19.0944 audit 139 sel=0xc0 type=6 value=0 text="0|0% OF GAMES"
19.1261 audit 140 sel=0xc0 type=6 value=0 text="0|0% OF GAMES"
19.1744 audit 141 sel=0xc0 type=6 value=0 text="0|0% OF GAMES"
19.2417 audit 142 sel=0xc0 type=6 value=0 text="0|0% OF GAMES"
19.2736 audit 143 sel=0xc0 type=6 value=0 text="0|0% OF GAMES"
19.3060 audit 144 sel=0xc0 type=6 value=0 text="0|0% OF GAMES"
19.3510 audit 145 sel=0xc0 type=6 value=0 text="0|0% OF GAMES"
19.3834 audit 146 sel=0xc0 type=6 value=0 text="0|0% OF GAMES"
19.4159 audit 147 sel=0xc0 type=6 value=0 text="0|0% OF GAMES"
19.4479 audit 148 sel=0xc0 type=6 value=0 text="0|0% OF GAMES"
19.4996 audit 149 sel=0xc0 type=6 value=0 text="0|0% OF GAMES"
19.5319 audit 150 sel=0xc0 type=6 value=0 text="0|0% OF GAMES"
19.5642 audit 1 sel=0x90 type=1 value=0 text="0"
19.5965 audit 5 sel=0x90 type=1 value=0 text="0"
19.6413 audit 6 sel=0x90 type=1 value=0 text="0"
19.6735 audit 7 sel=0x90 type=1 value=0 text="0"
19.7257 audit 8 sel=0x90 type=1 value=0 text="0"
19.7579 audit 9 sel=0x90 type=1 value=0 text="0"
19.7902 audit 10 sel=0x90 type=1 value=0 text="0"
19.8228 audit 11 sel=0x90 type=4 value=0 text="USD 0.00"
19.8548 audit 12 sel=0x90 type=1 value=0 text="0"
19.8548 mark POKE
19.8871 call 0x178c(17,40,0,0) = 0 (0x0)
19.8996 call 0x178c(18,10,0,0) = 0 (0x0)
19.9194 call 0x178c(14,2,0,0) = 0 (0x0)
19.9317 call 0x178c(15,4,0,0) = 0 (0x0)
19.9517 call 0x178c(16,5,0,0) = 0 (0x0)
19.9638 call 0x178c(10,3,0,0) = 0 (0x0)
19.9841 call 0x178c(11,2,0,0) = 0 (0x0)
19.9960 call 0x178c(12,1,0,0) = 0 (0x0)
20.0163 call 0x178c(13,1,0,0) = 0 (0x0)
20.0284 call 0x178c(9,7,0,0) = 0 (0x0)
20.0485 call 0x178c(8,120,0,0) = 0 (0x0)
20.0609 call 0x178c(40,30,0,0) = 0 (0x0)
20.0809 call 0x178c(41,25,0,0) = 0 (0x0)
20.1131 call 0x178c(63,9000,0,0) = 0 (0x0)
20.1250 call 0x178c(60,10000,0,0) = 0 (0x0)
20.1457 call 0x178c(2,5,0,0) = 0 (0x0)
20.1573 call 0x178c(3,2,0,0) = 0 (0x0)
20.1777 call 0x178c(4,1,0,0) = 0 (0x0)
20.1895 call 0x178c(5,1,0,0) = 0 (0x0)
20.2100 call 0x178c(7,13,0,0) = 0 (0x0)
20.2222 call 0x178c(1,6,0,0) = 0 (0x0)
20.2423 call 0x178c(65,17,0,0) = 0 (0x0)
20.2745 call 0x178c(66,77,0,0) = 0 (0x0)
20.3068 audit 1 sel=0xc0 type=1 value=6 text="6"
20.3390 audit 2 sel=0xc0 type=2 value=45 text="45%"
20.3833 audit 3 sel=0xc0 type=3 value=75 text=" 1:15"
20.4153 audit 4 sel=0xc0 type=3 value=200 text=" 3:20"
20.4475 audit 5 sel=0xc0 type=1 value=5 text="5"
20.4798 audit 6 sel=0xc0 type=1 value=1 text="1"
20.5325 audit 7 sel=0xc0 type=1 value=2 text="2"
20.5648 audit 8 sel=0xc0 type=1 value=1 text="1"
20.5970 audit 9 sel=0xc0 type=1 value=0 text="0"
20.6410 audit 10 sel=0xc0 type=1 value=9 text="9"
20.6734 audit 11 sel=0xc0 type=4 value=13 text="USD 3.25"
20.7059 audit 12 sel=0xc0 type=1 value=13 text="13"
20.7583 audit 13 sel=0xc0 type=1 value=0 text="0"
20.7909 audit 14 sel=0xc0 type=1 value=120 text="120"
20.8228 audit 15 sel=0xc0 type=1 value=7 text="7"
20.8550 audit 16 sel=0xc0 type=2 value=17 text="17%"
20.8873 audit 17 sel=0xc0 type=1 value=3 text="3"
20.9314 audit 21 sel=0xc0 type=1 value=7 text="7"
20.9635 audit 22 sel=0xc0 type=2 value=17 text="17%"
21.0163 audit 23 sel=0xc0 type=1 value=2 text="2"
21.0486 audit 24 sel=0xc0 type=2 value=5 text="5%"
21.0809 audit 25 sel=0xc0 type=1 value=4 text="4"
21.1134 audit 26 sel=0xc0 type=1 value=5 text="5"
21.1454 audit 27 sel=0xc0 type=2 value=12 text="12%"
21.1896 audit 28 sel=0xc0 type=1 value=18 text="18"
21.2215 audit 29 sel=0xc0 type=1 value=50 text="50"
21.2743 audit 47 sel=0xc0 type=5 value=0 text="00"
21.3066 audit 53 sel=0xc0 type=1 value=65 text="65"
21.3389 audit 72 sel=0xc0 type=2 value=0 text="0%"
21.3712 audit 73 sel=0xc0 type=6 value=17 text="17|34% OF GAMES"
21.4150 audit 74 sel=0xc0 type=6 value=77 text="77|154% OF GAMES"
21.4473 audit 1 sel=0x90 type=1 value=0 text="0"
21.4795 audit 5 sel=0x90 type=1 value=0 text="0"
21.5121 audit 10 sel=0x90 type=1 value=0 text="0"
21.5646 audit 11 sel=0x90 type=4 value=0 text="USD 0.00"
21.5969 audit 12 sel=0x90 type=1 value=0 text="0"
21.5969 mark PRICING_USA10
21.5969 credits pos=-1 credits=0 chk=0x03
21.5969 key 3
21.6408 coin_task_create task=0x13 r1=129 slot=0 credsys=1 lr=0x15a38
21.6409 coin_task_run slot=0 credsys=1
22.0155 key 3
22.0600 coin_task_create task=0x13 r1=129 slot=0 credsys=1 lr=0x15a38
22.0602 coin_task_run slot=0 credsys=1
22.1245 audit_add counter=2 n=1 lr=0x4b34
22.1246 audit_add counter=7 n=1 lr=0x4b98
22.1252 event_post 0x1a arg0=0x3c701 lr=0x4ca4
22.4307 key 3
22.4789 coin_task_create task=0x13 r1=129 slot=0 credsys=1 lr=0x15a38
22.4811 coin_task_run slot=0 credsys=1
22.5429 audit_add counter=2 n=1 lr=0x4b34
22.5429 audit_add counter=7 n=1 lr=0x4b98
22.5436 event_post 0x1a arg0=0x1 lr=0x4ca4
22.9642 audit_add counter=2 n=1 lr=0x4b34
22.9643 audit_add counter=7 n=1 lr=0x4b98
22.9649 audit_add counter=1 n=1 lr=0x4c30
22.9649 event_post 0x19 arg0=0x101 lr=0x4c58
23.8515 credits pos=2 credits=1 chk=0xfc
23.8689 callstr 0x4ff4(1,257664,0,0) buf=r1 = 1 "CREDITS 1"
23.8689 key 4
23.9324 coin_task_create task=0x13 r1=130 slot=1 credsys=1 lr=0x15a38
23.9352 coin_task_run slot=1 credsys=1
24.4217 audit_add counter=3 n=1 lr=0x4b34
24.4217 audit_add counter=7 n=4 lr=0x4b98
24.4224 audit_add counter=1 n=1 lr=0x4c30
24.4224 event_post 0x19 arg0=0x101 lr=0x4c58
25.2892 credits pos=6 credits=2 chk=0xf7
25.3044 callstr 0x4ff4(1,257664,0,0) buf=r1 = 1 "CREDITS 2 1/2"
25.3360 audit 11 sel=0xc0 type=4 value=20 text="USD 5.00"
25.3685 audit 10 sel=0xc0 type=1 value=13 text="13"
25.4025 audit 12 sel=0xc0 type=1 value=20 text="20"
25.4025 mark GERMANY2
25.4499 adjset 28=24 -> adj_get=24
25.4499 credits pos=-1 credits=2 chk=0x01
25.4660 callstr 0x2e0fc(257664,24,0,0) buf=r0 = 257664 "GERMANY 2"
25.4660 key 4
25.5146 coin_task_create task=0x13 r1=130 slot=1 credsys=1 lr=0x15a38
25.5161 coin_task_run slot=1 credsys=1
26.0017 audit_add counter=3 n=1 lr=0x4b34
26.0018 audit_add counter=7 n=10 lr=0x4b98
26.0026 audit_add counter=1 n=1 lr=0x4c30
26.0027 event_post 0x19 arg0=0x101 lr=0x4c58
26.0033 audit_add counter=1 n=1 lr=0x4c30
26.0034 event_post 0x19 arg0=0x101 lr=0x4c58
26.8950 credits pos=9 credits=4 chk=0xf2
26.9113 callstr 0x4ff4(1,257664,0,0) buf=r1 = 1 "CREDITS 4"
26.9113 key 5
26.9596 coin_task_create task=0x13 r1=131 slot=2 credsys=1 lr=0x15a38
26.9611 coin_task_run slot=2 credsys=1
27.4470 audit_add counter=4 n=1 lr=0x4b34
27.4471 audit_add counter=7 n=20 lr=0x4b98
27.4479 audit_add counter=1 n=1 lr=0x4c30
27.4480 event_post 0x19 arg0=0x101 lr=0x4c58
27.4486 audit_add counter=1 n=2 lr=0x4c30
27.4487 event_post 0x19 arg0=0x201 lr=0x4c58
27.4494 audit_add counter=1 n=1 lr=0x4c30
27.4495 event_post 0x19 arg0=0x101 lr=0x4c58
27.4502 audit_add counter=1 n=1 lr=0x4c30
27.4503 event_post 0x19 arg0=0x101 lr=0x4c58
28.3405 credits pos=9 credits=9 chk=0xed
28.3568 callstr 0x4ff4(1,257664,0,0) buf=r1 = 1 "CREDITS 9"
28.3568 key 3
28.4053 coin_task_create task=0x13 r1=129 slot=0 credsys=1 lr=0x15a38
28.4069 coin_task_run slot=0 credsys=1
28.8915 audit_add counter=2 n=1 lr=0x4b34
28.8916 audit_add counter=7 n=5 lr=0x4b98
28.8924 audit_add counter=1 n=1 lr=0x4c30
28.8925 event_post 0x19 arg0=0x101 lr=0x4c58
29.7910 credits pos=14 credits=10 chk=0xe7
29.8073 callstr 0x4ff4(1,257664,0,0) buf=r1 = 1 "CREDITS 10"
29.8398 audit 11 sel=0xc0 type=4 value=55 text="EUR 5.50"
29.8398 mark EURO3
29.8717 adjset 28=13 -> adj_get=13
29.8717 credits pos=-1 credits=10 chk=0xf9
29.8717 key 3
29.9206 coin_task_create task=0x13 r1=129 slot=0 credsys=1 lr=0x15a38
29.9224 coin_task_run slot=0 credsys=1
30.4079 audit_add counter=2 n=1 lr=0x4b34
30.4079 audit_add counter=7 n=5 lr=0x4b98
30.4087 audit_add counter=1 n=1 lr=0x4c30
30.4088 event_post 0x19 arg0=0x101 lr=0x4c58
31.3065 credits pos=4 credits=11 chk=0xf0
31.3225 callstr 0x4ff4(1,257664,0,0) buf=r1 = 1 "CREDITS 11"
31.3225 key 3
31.3710 coin_task_create task=0x13 r1=129 slot=0 credsys=1 lr=0x15a38
31.3735 coin_task_run slot=0 credsys=1
31.8579 audit_add counter=2 n=1 lr=0x4b34
31.8579 audit_add counter=7 n=5 lr=0x4b98
31.8587 audit_add counter=1 n=2 lr=0x4c30
31.8588 event_post 0x19 arg0=0x40e0201 lr=0x4c58
32.7560 credits pos=9 credits=13 chk=0xe9
32.7720 callstr 0x4ff4(1,257664,0,0) buf=r1 = 1 "CREDITS 13"
32.7720 key 4
32.8205 coin_task_create task=0x13 r1=130 slot=1 credsys=1 lr=0x15a38
32.8230 coin_task_run slot=1 credsys=1
33.3074 audit_add counter=3 n=1 lr=0x4b34
33.3074 audit_add counter=7 n=10 lr=0x4b98
33.3082 audit_add counter=1 n=1 lr=0x4c30
33.3083 event_post 0x19 arg0=0x40e0101 lr=0x4c58
33.3089 audit_add counter=1 n=2 lr=0x4c30
33.3089 event_post 0x19 arg0=0x40e0201 lr=0x4c58
34.2002 credits pos=9 credits=16 chk=0xe6
34.2163 callstr 0x4ff4(1,257664,0,0) buf=r1 = 1 "CREDITS 16"
34.2163 mark FREEPLAY
34.2485 adjset 34=1 -> adj_get=1
34.2645 callstr 0x4ff4(1,257664,0,0) buf=r1 = 1 "FREE PLAY"
34.2970 adjset 34=0 -> adj_get=0
34.2970 mark CREDITLIMIT
34.3133 call 0x4e88(1,0,0,0) = -253 (0xffffff03)
34.3133 credits pos=-1 credits=0 chk=0x03
34.3455 adjset 28=62 -> adj_get=62
34.3780 adjset 33=4 -> adj_get=4
34.3780 key 4
34.4268 coin_task_create task=0x13 r1=130 slot=1 credsys=1 lr=0x15a38
34.4283 coin_task_run slot=1 credsys=1
34.9146 audit_add counter=3 n=1 lr=0x4b34
34.9147 audit_add counter=7 n=4 lr=0x4b98
34.9154 audit_add counter=1 n=1 lr=0x4c30
34.9154 event_post 0x19 arg0=0x40e0101 lr=0x4c58
35.8123 key 4
35.8608 coin_task_create task=0x13 r1=130 slot=1 credsys=1 lr=0x15a38
35.8624 coin_task_run slot=1 credsys=1
36.3475 audit_add counter=3 n=1 lr=0x4b34
36.3475 audit_add counter=7 n=4 lr=0x4b98
36.3481 audit_add counter=1 n=1 lr=0x4c30
36.3482 event_post 0x19 arg0=0x40e0101 lr=0x4c58
36.3484 audit_add counter=1 n=1 lr=0x4c30
36.3485 event_post 0x19 arg0=0x40e0101 lr=0x4c58
37.2407 credits pos=7 credits=3 chk=0xf5
37.2407 key 4
37.2895 coin_task_create task=0x13 r1=130 slot=1 credsys=1 lr=0x15a38
37.2910 coin_task_run slot=1 credsys=1
37.7776 audit_add counter=3 n=1 lr=0x4b34
37.7777 audit_add counter=7 n=4 lr=0x4b98
37.7784 audit_add counter=1 n=1 lr=0x4c30
37.7784 event_post 0x19 arg0=0x40e0101 lr=0x4c58
38.6750 credits pos=3 credits=4 chk=0xf8
38.6910 callstr 0x4ff4(1,257664,0,0) buf=r1 = 1 "CREDITS 4 1/3"
38.7236 adjset 33=30 -> adj_get=30
38.7236 mark COINDELAY_OFF
38.7560 adjset 62=61 -> adj_get=61
38.7560 key 3
38.8045 coin_task_create task=0x13 r1=129 slot=0 credsys=1 lr=0x15a38
38.8060 coin_task_run slot=0 credsys=1
38.8060 audit_add counter=2 n=1 lr=0x4b34
38.8061 audit_add counter=7 n=1 lr=0x4b98
38.8067 event_post 0x1a arg0=0x40d2f01 lr=0x4ca4
40.1743 credits pos=4 credits=4 chk=0xf7
40.2062 adjset 62=30 -> adj_get=30
40.2062 mark ADJ25
40.2225 call 0x4e88(1,0,0,0) = -253 (0xffffff03)
40.2225 key 4
40.2715 coin_task_create task=0x13 r1=130 slot=1 credsys=1 lr=0x15a38
40.2731 coin_task_run slot=1 credsys=1
40.7599 audit_add counter=3 n=1 lr=0x4b34
40.7600 audit_add counter=7 n=4 lr=0x4b98
40.7606 audit_add counter=1 n=1 lr=0x4c30
40.7607 event_post 0x19 arg0=0x40e0101 lr=0x4c58
41.6567 credits pos=3 credits=1 chk=0xfb
41.6567 key 1
41.7057 audit_add counter=17 n=1 lr=0x20bb4
46.0732 adjpoke 25=0
46.0895 call 0xe90(25,0,0,0) = 0 (0x0)
46.0895 credits pos=3 credits=0 chk=0xfc
46.0898 audit_add counter=10 n=1 lr=0x22ec8
46.1060 call 0x22d2c(1,1,0,0) = 1 (0x1)
48.1104 credits pos=3 credits=1 chk=0xfb
48.1107 audit_add counter=11 n=1 lr=0x22ec8
48.1267 call 0x22d2c(1,2,0,0) = 1 (0x1)
50.1381 credits pos=3 credits=2 chk=0xfa
50.1381 mark END
50.3494 end
