8.0048 ready dip0=0x80
8.0048 peek 0x21100d8 0001feff 
8.0531 country 7 -> 0x5ea0 returns 7
8.0848 call 0x5ea0(0,0,0,0) = 7 (0x7)
8.1167 call 0xe90(28,0,0,0) = 24 (0x18)
8.1330 call 0xe90(7,0,0,0) = 1 (0x1)
8.1488 call 0xe90(35,0,0,0) = 1 (0x1)
8.1808 call 0xe90(10,0,0,0) = 0 (0x0)
8.2130 call 0xf28(28,0,0,0) = 24 (0x18)
8.2288 callstr 0x2e0fc(257664,24,0,0) buf=r0 = 257664 "GERMANY 2"
8.2288 key 4
8.2768 coin_task_create task=0x13 r1=130 slot=1 credsys=1 lr=0x15a38
8.2769 coin_task_run slot=1 credsys=1
8.7569 audit_add counter=3 n=1 lr=0x4b34
8.7570 audit_add counter=7 n=10 lr=0x4b98
8.7579 audit_add counter=1 n=1 lr=0x4c30
8.7579 event_post 0x19 arg0=0x101 lr=0x4c58
8.7585 audit_add counter=1 n=1 lr=0x4c30
8.7585 event_post 0x19 arg0=0x101 lr=0x4c58
9.6515 credits pos=9 credits=2 chk=0xf4
9.6678 callstr 0x4ff4(1,257664,0,0) buf=r1 = 1 "KREDITE 2"
9.6678 key 5
9.7325 coin_task_create task=0x13 r1=131 slot=2 credsys=1 lr=0x15a38
9.7350 coin_task_run slot=2 credsys=1
10.2202 audit_add counter=4 n=1 lr=0x4b34
10.2202 audit_add counter=7 n=20 lr=0x4b98
10.2210 audit_add counter=1 n=1 lr=0x4c30
10.2211 event_post 0x19 arg0=0x101 lr=0x4c58
10.2217 audit_add counter=1 n=2 lr=0x4c30
10.2217 event_post 0x19 arg0=0x201 lr=0x4c58
10.2225 audit_add counter=1 n=1 lr=0x4c30
10.2225 event_post 0x19 arg0=0x101 lr=0x4c58
10.2233 audit_add counter=1 n=1 lr=0x4c30
10.2233 event_post 0x19 arg0=0x101 lr=0x4c58
11.0965 credits pos=9 credits=7 chk=0xef
11.1128 callstr 0x4ff4(1,257664,0,0) buf=r1 = 1 "KREDITE 7"
11.1467 country 19 -> 0x5ea0 returns 19
11.1630 call 0xe90(28,0,0,0) = 53 (0x35)
11.1792 call 0xe90(25,0,0,0) = 1 (0x1)
11.1964 call 0xe90(13,0,0,0) = 1 (0x1)
11.2106 call 0xe90(10,0,0,0) = 0 (0x0)
11.2585 country 0 -> 0x5ea0 returns 0
11.2748 call 0xe90(28,0,0,0) = 62 (0x3e)
11.2910 call 0xe90(10,0,0,0) = 1 (0x1)
11.5012 end
