8.0048 ready dip0=0x80
8.0048 poke 0x3f400=1007 size 4
8.0048 poke 0x3f404=0 size 4
8.0048 poke 0x3f408=128 size 4
8.0048 poke 0x3f40c=4294967295 size 4
8.0213 callstr 0xac18(257664,226920,226944,20) buf=r0 = 257664 "1/1.00 3/2.00"
8.0368 callstr 0x2e0fc(257664,0,0,0) buf=r0 = 257664 "AUSTRALIA 1"
8.0368 poke 0x3f400=1007 size 4
8.0368 poke 0x3f404=0 size 4
8.0368 poke 0x3f408=128 size 4
8.0368 poke 0x3f40c=4294967295 size 4
8.0532 callstr 0xac18(257664,226920,226988,10) buf=r0 = 257664 "1/1.00"
8.0848 callstr 0x2e0fc(257664,1,0,0) buf=r0 = 257664 "AUSTRALIA 2"
8.0848 poke 0x3f400=1007 size 4
8.0848 poke 0x3f404=0 size 4
8.0848 poke 0x3f408=128 size 4
8.0848 poke 0x3f40c=4294967295 size 4
8.1167 callstr 0xac18(257664,226920,227024,20) buf=r0 = 257664 "1/2.00"
8.1330 callstr 0x2e0fc(257664,2,0,0) buf=r0 = 257664 "AUSTRALIA 3"
8.1330 poke 0x3f400=1007 size 4
8.1330 poke 0x3f404=0 size 4
8.1330 poke 0x3f408=128 size 4
8.1330 poke 0x3f40c=4294967295 size 4
8.1488 callstr 0xac18(257664,226920,227068,50) buf=r0 = 257664 "1/2.00 2/4.00 3/5.00"
8.1808 callstr 0x2e0fc(257664,3,0,0) buf=r0 = 257664 "AUSTRALIA 4"
8.1808 poke 0x3f400=1007 size 4
8.1808 poke 0x3f404=0 size 4
8.1808 poke 0x3f408=128 size 4
8.1808 poke 0x3f40c=4294967295 size 4
8.2130 callstr 0xac18(257664,226920,227144,100) buf=r0 = 257664 "1/3.00 2/5.00 3/8.00 5/10.00"
8.2288 callstr 0x2e0fc(257664,4,0,0) buf=r0 = 257664 "AUSTRALIA 5"
8.2288 poke 0x3f400=1007 size 4
8.2288 poke 0x3f404=0 size 4
8.2288 poke 0x3f408=128 size 4
8.2288 poke 0x3f40c=4294967295 size 4
8.2452 callstr 0xac18(257664,226920,227268,30) buf=r0 = 257664 "1/2.00 2/3.00"
8.2768 callstr 0x2e0fc(257664,5,0,0) buf=r0 = 257664 "AUSTRALIA 6"
8.2768 poke 0x3f400=1015 size 4
8.2768 poke 0x3f404=0 size 4
8.2768 poke 0x3f408=128 size 4
8.2768 poke 0x3f40c=4294967295 size 4
8.2936 callstr 0xac18(257664,227324,227360,4) buf=r0 = 257664 "1/0.50 2/0.75 3/1.00"
8.3248 callstr 0x2e0fc(257664,6,0,0) buf=r0 = 257664 "CANADA 1"
8.3248 poke 0x3f400=1015 size 4
8.3248 poke 0x3f404=0 size 4
8.3248 poke 0x3f408=128 size 4
8.3248 poke 0x3f40c=4294967295 size 4
8.3568 callstr 0xac18(257664,227336,227388,2) buf=r0 = 257664 "1/1.00 3/2.00"
8.3731 callstr 0x2e0fc(257664,7,0,0) buf=r0 = 257664 "CANADA 2"
8.3731 poke 0x3f400=1103 size 4
8.3731 poke 0x3f404=0 size 4
8.3731 poke 0x3f408=128 size 4
8.3731 poke 0x3f40c=4294967295 size 4
8.3888 callstr 0xac18(257664,229228,229252,5) buf=r0 = 257664 "1/3 2/5"
8.4208 callstr 0x2e0fc(257664,8,0,0) buf=r0 = 257664 "CROATIA"
8.4208 poke 0x3f400=1023 size 4
8.4208 poke 0x3f404=0 size 4
8.4208 poke 0x3f408=128 size 4
8.4208 poke 0x3f40c=4294967295 size 4
8.4530 callstr 0xac18(257664,227416,227440,5) buf=r0 = 257664 "1/3 2/5"
8.4688 callstr 0x2e0fc(257664,9,0,0) buf=r0 = 257664 "DENMARK 1"
8.4688 poke 0x3f400=1023 size 4
8.4688 poke 0x3f404=0 size 4
8.4688 poke 0x3f408=128 size 4
8.4688 poke 0x3f40c=4294967295 size 4
8.5009 callstr 0xac18(257664,227416,227472,10) buf=r0 = 257664 "1/2 2/4 3/5 4/7 5/9 7/10"
8.5168 callstr 0x2e0fc(257664,10,0,0) buf=r0 = 257664 "DENMARK 2"
8.5168 poke 0x3f400=1079 size 4
8.5168 poke 0x3f404=0 size 4
8.5168 poke 0x3f408=128 size 4
8.5168 poke 0x3f40c=4294967295 size 4
8.5332 callstr 0xac18(257664,228288,228312,5) buf=r0 = 257664 "1/0.50"
8.5488 callstr 0x2e0fc(257664,11,0,0) buf=r0 = 257664 "EURO 1"
8.5488 poke 0x3f400=1079 size 4
8.5488 poke 0x3f404=0 size 4
8.5488 poke 0x3f408=128 size 4
8.5488 poke 0x3f40c=4294967295 size 4
8.5808 callstr 0xac18(257664,228288,228344,20) buf=r0 = 257664 "1/0.50 2/1.00 3/1.50 5/2.00"
8.6130 callstr 0x2e0fc(257664,12,0,0) buf=r0 = 257664 "EURO 2"
8.6130 poke 0x3f400=1079 size 4
8.6130 poke 0x3f404=0 size 4
8.6130 poke 0x3f408=128 size 4
8.6130 poke 0x3f40c=4294967295 size 4
8.6287 callstr 0xac18(257664,228288,228388,10) buf=r0 = 257664 "1/0.50 3/1.00"
8.6448 callstr 0x2e0fc(257664,13,0,0) buf=r0 = 257664 "EURO 3"
8.6448 poke 0x3f400=1079 size 4
8.6448 poke 0x3f404=0 size 4
8.6448 poke 0x3f408=128 size 4
8.6448 poke 0x3f40c=4294967295 size 4
8.6768 callstr 0xac18(257664,228288,228424,20) buf=r0 = 257664 "1/0.50 2/1.00 3/1.50 6/2.00"
8.6931 callstr 0x2e0fc(257664,14,0,0) buf=r0 = 257664 "EURO 4"
8.6931 poke 0x3f400=1079 size 4
8.6931 poke 0x3f404=0 size 4
8.6931 poke 0x3f408=128 size 4
8.6931 poke 0x3f40c=4294967295 size 4
8.7248 callstr 0xac18(257664,228288,228468,20) buf=r0 = 257664 "1/0.50 3/1.00 4/1.50 7/2.00"
8.7569 callstr 0x2e0fc(257664,15,0,0) buf=r0 = 257664 "EURO 5"
8.7569 poke 0x3f400=1079 size 4
8.7569 poke 0x3f404=0 size 4
8.7569 poke 0x3f408=128 size 4
8.7569 poke 0x3f40c=4294967295 size 4
8.7730 callstr 0xac18(257664,228288,228512,5) buf=r0 = 257664 "2/0.50"
8.7888 callstr 0x2e0fc(257664,16,0,0) buf=r0 = 257664 "EURO 6"
8.7888 poke 0x3f400=1079 size 4
8.7888 poke 0x3f404=0 size 4
8.7888 poke 0x3f408=128 size 4
8.7888 poke 0x3f40c=4294967295 size 4
8.8208 callstr 0xac18(257664,228288,228544,40) buf=r0 = 257664 "1/1.00 2/2.00 3/3.00 5/4.00"
8.8530 callstr 0x2e0fc(257664,17,0,0) buf=r0 = 257664 "EURO 7"
8.8530 poke 0x3f400=1079 size 4
8.8530 poke 0x3f404=0 size 4
8.8530 poke 0x3f408=128 size 4
8.8530 poke 0x3f40c=4294967295 size 4
8.8687 callstr 0xac18(257664,228288,228608,20) buf=r0 = 257664 "1/1.00 3/2.00"
8.8848 callstr 0x2e0fc(257664,18,0,0) buf=r0 = 257664 "EURO 8"
8.8848 poke 0x3f400=1079 size 4
8.8848 poke 0x3f404=0 size 4
8.8848 poke 0x3f408=128 size 4
8.8848 poke 0x3f40c=4294967295 size 4
8.9168 callstr 0xac18(257664,228288,228652,20) buf=r0 = 257664 "1/1.00 2/1.50 3/2.00"
8.9331 callstr 0x2e0fc(257664,19,0,0) buf=r0 = 257664 "EURO 9"
8.9331 poke 0x3f400=1079 size 4
8.9331 poke 0x3f404=0 size 4
8.9331 poke 0x3f408=128 size 4
8.9331 poke 0x3f40c=4294967295 size 4
8.9648 callstr 0xac18(257664,228288,228696,30) buf=r0 = 257664 "1/1.00 3/2.00 7/3.00"
8.9967 callstr 0x2e0fc(257664,20,0,0) buf=r0 = 257664 "EURO 10"
8.9967 poke 0x3f400=1079 size 4
8.9967 poke 0x3f404=0 size 4
8.9967 poke 0x3f408=128 size 4
8.9967 poke 0x3f40c=4294967295 size 4
9.0137 callstr 0xac18(257664,228288,228752,20) buf=r0 = 257664 "1/1.00 4/2.00"
9.0288 callstr 0x2e0fc(257664,21,0,0) buf=r0 = 257664 "EURO 11"
9.0288 poke 0x3f400=1079 size 4
9.0288 poke 0x3f404=0 size 4
9.0288 poke 0x3f408=128 size 4
9.0288 poke 0x3f40c=4294967295 size 4
9.0448 callstr 0xac18(257664,228288,228796,40) buf=r0 = 257664 "2/1.00 4/2.00 6/3.00 9/4.00"
9.0768 callstr 0x2e0fc(257664,22,0,0) buf=r0 = 257664 "EURO 12"
9.0768 poke 0x3f400=1079 size 4
9.0768 poke 0x3f404=0 size 4
9.0768 poke 0x3f408=128 size 4
9.0768 poke 0x3f40c=4294967295 size 4
9.0932 callstr 0xac18(257664,228916,228940,5) buf=r0 = 257664 "1/0.50"
9.1247 callstr 0x2e0fc(257664,23,0,0) buf=r0 = 257664 "GERMANY 1"
9.1247 poke 0x3f400=1079 size 4
9.1247 poke 0x3f404=0 size 4
9.1247 poke 0x3f408=128 size 4
9.1247 poke 0x3f40c=4294967295 size 4
9.1418 callstr 0xac18(257664,228916,228972,20) buf=r0 = 257664 "1/0.50 2/1.00 3/1.50 5/2.00"
9.1588 callstr 0x2e0fc(257664,24,0,0) buf=r0 = 257664 "GERMANY 2"
9.1588 poke 0x3f400=1079 size 4
9.1588 poke 0x3f404=0 size 4
9.1588 poke 0x3f408=128 size 4
9.1588 poke 0x3f40c=4294967295 size 4
9.1741 callstr 0xac18(257664,228916,229016,20) buf=r0 = 257664 "1/0.50 2/1.00 3/1.50 6/2.00"
9.2050 callstr 0x2e0fc(257664,25,0,0) buf=r0 = 257664 "GERMANY 3"
9.2050 poke 0x3f400=1031 size 4
9.2050 poke 0x3f404=0 size 4
9.2050 poke 0x3f408=128 size 4
9.2050 poke 0x3f40c=4294967295 size 4
9.2370 callstr 0xac18(257664,227508,227532,5) buf=r0 = 257664 "1/0.50"
9.2533 callstr 0x2e0fc(257664,26,0,0) buf=r0 = 257664 "ITALY 1"
9.2533 poke 0x3f400=1031 size 4
9.2533 poke 0x3f404=0 size 4
9.2533 poke 0x3f408=128 size 4
9.2533 poke 0x3f40c=4294967295 size 4
9.2695 callstr 0xac18(257664,227508,227564,20) buf=r0 = 257664 "1/1.00 3/2.00"
9.3010 callstr 0x2e0fc(257664,27,0,0) buf=r0 = 257664 "ITALY 2"
9.3010 poke 0x3f400=1095 size 4
9.3010 poke 0x3f404=0 size 4
9.3010 poke 0x3f408=128 size 4
9.3010 poke 0x3f40c=4294967295 size 4
9.3333 callstr 0xac18(257664,229148,229172,1) buf=r0 = 257664 "1/100"
9.3490 callstr 0x2e0fc(257664,28,0,0) buf=r0 = 257664 "JAPAN 1"
9.3490 poke 0x3f400=1095 size 4
9.3490 poke 0x3f404=0 size 4
9.3490 poke 0x3f408=128 size 4
9.3490 poke 0x3f40c=4294967295 size 4
9.3810 callstr 0xac18(257664,229148,229200,2) buf=r0 = 257664 "1/100 3/200"
9.3970 callstr 0x2e0fc(257664,29,0,0) buf=r0 = 257664 "JAPAN 2"
9.3970 poke 0x3f400=1135 size 4
9.3970 poke 0x3f404=0 size 4
9.3970 poke 0x3f408=128 size 4
9.3970 poke 0x3f40c=4294967295 size 4
9.4134 callstr 0xac18(257664,229444,229468,2) buf=r0 = 257664 "1/2"
9.4450 callstr 0x2e0fc(257664,30,0,0) buf=r0 = 257664 "LITHUANIA"
9.4450 poke 0x3f400=1111 size 4
9.4450 poke 0x3f404=0 size 4
9.4450 poke 0x3f408=128 size 4
9.4450 poke 0x3f40c=4294967295 size 4
9.4770 callstr 0xac18(257664,229284,229308,1) buf=r0 = 257664 "1/1"
9.4933 callstr 0x2e0fc(257664,31,0,0) buf=r0 = 257664 "MIDDLE EAST"
9.4933 poke 0x3f400=1039 size 4
9.4933 poke 0x3f404=0 size 4
9.4933 poke 0x3f408=128 size 4
9.4933 poke 0x3f40c=4294967295 size 4
9.5251 callstr 0xac18(257664,227608,227632,1) buf=r0 = 257664 "1/1"
9.5410 callstr 0x2e0fc(257664,32,0,0) buf=r0 = 257664 "NEW ZEALAND 1"
9.5410 poke 0x3f400=1039 size 4
9.5410 poke 0x3f404=0 size 4
9.5410 poke 0x3f408=128 size 4
9.5410 poke 0x3f40c=4294967295 size 4
9.5733 callstr 0xac18(257664,227608,227660,2) buf=r0 = 257664 "1/1 3/2"
9.5890 callstr 0x2e0fc(257664,33,0,0) buf=r0 = 257664 "NEW ZEALAND 2"
9.5890 poke 0x3f400=1047 size 4
9.5890 poke 0x3f404=0 size 4
9.5890 poke 0x3f408=128 size 4
9.5890 poke 0x3f40c=4294967295 size 4
9.6210 callstr 0xac18(257664,227688,227712,2) buf=r0 = 257664 "1/10"
9.6533 callstr 0x2e0fc(257664,34,0,0) buf=r0 = 257664 "NORWAY 1"
9.6533 poke 0x3f400=1047 size 4
9.6533 poke 0x3f404=0 size 4
9.6533 poke 0x3f408=128 size 4
9.6533 poke 0x3f40c=4294967295 size 4
9.6690 callstr 0xac18(257664,227688,227740,4) buf=r0 = 257664 "1/10 3/20"
9.7010 callstr 0x2e0fc(257664,35,0,0) buf=r0 = 257664 "NORWAY 2"
9.7010 poke 0x3f400=1047 size 4
9.7010 poke 0x3f404=0 size 4
9.7010 poke 0x3f408=128 size 4
9.7010 poke 0x3f40c=4294967295 size 4
9.7333 callstr 0xac18(257664,227688,227768,4) buf=r0 = 257664 "1/20"
9.7490 callstr 0x2e0fc(257664,36,0,0) buf=r0 = 257664 "NORWAY 3"
9.7490 poke 0x3f400=1047 size 4
9.7490 poke 0x3f404=0 size 4
9.7490 poke 0x3f408=128 size 4
9.7490 poke 0x3f40c=4294967295 size 4
9.7811 callstr 0xac18(257664,227688,227796,8) buf=r0 = 257664 "1/20 3/40"
9.7970 callstr 0x2e0fc(257664,37,0,0) buf=r0 = 257664 "NORWAY 4"
9.7970 poke 0x3f400=1079 size 4
9.7970 poke 0x3f404=0 size 4
9.7970 poke 0x3f408=128 size 4
9.7970 poke 0x3f40c=4294967295 size 4
9.8135 callstr 0xac18(257664,228860,228884,5) buf=r0 = 257664 "1/0.50"
9.8450 callstr 0x2e0fc(257664,38,0,0) buf=r0 = 257664 "PORTUGAL"
9.8450 poke 0x3f400=1127 size 4
9.8450 poke 0x3f404=0 size 4
9.8450 poke 0x3f408=128 size 4
9.8450 poke 0x3f40c=4294967295 size 4
9.8770 callstr 0xac18(257664,229388,229412,5) buf=r0 = 257664 "1/5"
9.8933 callstr 0x2e0fc(257664,39,0,0) buf=r0 = 257664 "RUSSIA"
9.8933 poke 0x3f400=1087 size 4
9.8933 poke 0x3f404=0 size 4
9.8933 poke 0x3f408=128 size 4
9.8933 poke 0x3f40c=4294967295 size 4
9.9092 callstr 0xac18(257664,229060,229084,4) buf=r0 = 257664 "1/2.00"
9.9410 callstr 0x2e0fc(257664,40,0,0) buf=r0 = 257664 "SOUTH AFRICA 1"
9.9410 poke 0x3f400=1087 size 4
9.9410 poke 0x3f404=0 size 4
9.9410 poke 0x3f408=128 size 4
9.9410 poke 0x3f40c=4294967295 size 4
9.9733 callstr 0xac18(257664,229060,229112,10) buf=r0 = 257664 "1/3.00 2/5.00"
9.9890 callstr 0x2e0fc(257664,41,0,0) buf=r0 = 257664 "SOUTH AFRICA 2"
9.9890 poke 0x3f400=1055 size 4
9.9890 poke 0x3f404=0 size 4
9.9890 poke 0x3f408=128 size 4
9.9890 poke 0x3f40c=4294967295 size 4
10.0056 callstr 0xac18(257664,227828,227852,20) buf=r0 = 257664 "1/10 2/15 3/20"
10.0210 callstr 0x2e0fc(257664,42,0,0) buf=r0 = 257664 "SWEDEN 1"
10.0210 poke 0x3f400=1055 size 4
10.0210 poke 0x3f404=0 size 4
10.0210 poke 0x3f408=128 size 4
10.0210 poke 0x3f40c=4294967295 size 4
10.0373 callstr 0xac18(257664,227828,227896,5) buf=r0 = 257664 "1/5"
10.0533 callstr 0x2e0fc(257664,43,0,0) buf=r0 = 257664 "SWEDEN 2"
10.0533 poke 0x3f400=1063 size 4
10.0533 poke 0x3f404=0 size 4
10.0533 poke 0x3f408=128 size 4
10.0533 poke 0x3f40c=4294967295 size 4
10.0850 callstr 0xac18(257664,227928,227952,5) buf=r0 = 257664 "1/1 2/2 3/3 4/4 6/5"
10.1170 callstr 0x2e0fc(257664,44,0,0) buf=r0 = 257664 "SWITZERLAND 1"
10.1170 poke 0x3f400=1063 size 4
10.1170 poke 0x3f404=0 size 4
10.1170 poke 0x3f408=128 size 4
10.1170 poke 0x3f40c=4294967295 size 4
10.1340 callstr 0xac18(257664,227928,227984,5) buf=r0 = 257664 "1/1 3/2 5/3 7/4 9/5"
10.1650 callstr 0x2e0fc(257664,45,0,0) buf=r0 = 257664 "SWITZERLAND 2"
10.1650 poke 0x3f400=1119 size 4
10.1650 poke 0x3f404=0 size 4
10.1650 poke 0x3f408=128 size 4
10.1650 poke 0x3f40c=4294967295 size 4
10.1810 callstr 0xac18(257664,229336,229360,1) buf=r0 = 257664 "1/10"
10.2133 callstr 0x2e0fc(257664,46,0,0) buf=r0 = 257664 "TAIWAN"
10.2133 poke 0x3f400=1071 size 4
10.2133 poke 0x3f404=0 size 4
10.2133 poke 0x3f408=128 size 4
10.2133 poke 0x3f40c=4294967295 size 4
10.2290 callstr 0xac18(257664,228016,228040,20) buf=r0 = 257664 "3/1.00 7/2.00"
10.2610 callstr 0x2e0fc(257664,47,0,0) buf=r0 = 257664 "UK 1"
10.2610 poke 0x3f400=1071 size 4
10.2610 poke 0x3f404=0 size 4
10.2610 poke 0x3f408=128 size 4
10.2610 poke 0x3f40c=4294967295 size 4
10.2933 callstr 0xac18(257664,228016,228084,10) buf=r0 = 257664 "4/1.00"
10.3090 callstr 0x2e0fc(257664,48,0,0) buf=r0 = 257664 "UK 2"
10.3090 poke 0x3f400=1071 size 4
10.3090 poke 0x3f404=0 size 4
10.3090 poke 0x3f408=128 size 4
10.3090 poke 0x3f40c=4294967295 size 4
10.3410 callstr 0xac18(257664,228016,228120,20) buf=r0 = 257664 "1/0.50 2/1.00 3/1.50 5/2.00"
10.3733 callstr 0x2e0fc(257664,49,0,0) buf=r0 = 257664 "UK 3"
10.3733 poke 0x3f400=1071 size 4
10.3733 poke 0x3f404=0 size 4
10.3733 poke 0x3f408=128 size 4
10.3733 poke 0x3f40c=4294967295 size 4
10.3890 callstr 0xac18(257664,228016,228164,10) buf=r0 = 257664 "1/0.30 2/0.60 3/0.90 4/1.00"
10.4210 callstr 0x2e0fc(257664,50,0,0) buf=r0 = 257664 "UK 4"
10.4210 poke 0x3f400=1071 size 4
10.4210 poke 0x3f404=0 size 4
10.4210 poke 0x3f408=128 size 4
10.4210 poke 0x3f40c=4294967295 size 4
10.4370 callstr 0xac18(257664,228016,228200,20) buf=r0 = 257664 "1/1.00 3/2.00"
10.4534 callstr 0x2e0fc(257664,51,0,0) buf=r0 = 257664 "UK 5"
10.4534 poke 0x3f400=1071 size 4
10.4534 poke 0x3f404=0 size 4
10.4534 poke 0x3f408=128 size 4
10.4534 poke 0x3f40c=4294967295 size 4
10.4850 callstr 0xac18(257664,228016,228244,20) buf=r0 = 257664 "3/2.00"
10.5170 callstr 0x2e0fc(257664,52,0,0) buf=r0 = 257664 "UK 6"
10.5170 poke 0x3f400=999 size 4
10.5170 poke 0x3f404=0 size 4
10.5170 poke 0x3f408=128 size 4
10.5170 poke 0x3f40c=4294967295 size 4
10.5333 callstr 0xac18(257664,226536,226596,1) buf=r0 = 257664 "1/0.25"
10.5491 callstr 0x2e0fc(257664,53,0,0) buf=r0 = 257664 "USA 1"
10.5491 poke 0x3f400=999 size 4
10.5491 poke 0x3f404=0 size 4
10.5491 poke 0x3f408=128 size 4
10.5491 poke 0x3f40c=4294967295 size 4
10.5650 callstr 0xac18(257664,226536,226624,4) buf=r0 = 257664 "1/0.50 2/0.75 3/1.00"
10.5970 callstr 0x2e0fc(257664,54,0,0) buf=r0 = 257664 "USA 2"
10.5970 poke 0x3f400=999 size 4
10.5970 poke 0x3f404=0 size 4
10.5970 poke 0x3f408=128 size 4
10.5970 poke 0x3f40c=4294967295 size 4
10.6135 callstr 0xac18(257664,226536,226652,2) buf=r0 = 257664 "1/0.50"
10.6450 callstr 0x2e0fc(257664,55,0,0) buf=r0 = 257664 "USA 3"
10.6450 poke 0x3f400=999 size 4
10.6450 poke 0x3f404=0 size 4
10.6450 poke 0x3f408=128 size 4
10.6450 poke 0x3f40c=4294967295 size 4
10.6770 callstr 0xac18(257664,226500,226680,2) buf=r0 = 257664 "1/0.50"
10.6933 callstr 0x2e0fc(257664,56,0,0) buf=r0 = 257664 "USA 4"
10.6933 poke 0x3f400=999 size 4
10.6933 poke 0x3f404=0 size 4
10.6933 poke 0x3f408=128 size 4
10.6933 poke 0x3f40c=4294967295 size 4
10.7090 callstr 0xac18(257664,226536,226708,8) buf=r0 = 257664 "1/0.50 2/1.00 3/1.50 5/2.00"
10.7410 callstr 0x2e0fc(257664,57,0,0) buf=r0 = 257664 "USA 5"
10.7410 poke 0x3f400=999 size 4
10.7410 poke 0x3f404=0 size 4
10.7410 poke 0x3f408=128 size 4
10.7410 poke 0x3f40c=4294967295 size 4
10.7733 callstr 0xac18(257664,226572,226740,2) buf=r0 = 257664 "1/0.50"
10.7890 callstr 0x2e0fc(257664,58,0,0) buf=r0 = 257664 "USA 6"
10.7890 poke 0x3f400=999 size 4
10.7890 poke 0x3f404=0 size 4
10.7890 poke 0x3f408=128 size 4
10.7890 poke 0x3f40c=4294967295 size 4
10.8060 callstr 0xac18(257664,226536,226768,8) buf=r0 = 257664 "1/0.50 2/1.00 4/1.50 6/2.00"
10.8370 callstr 0x2e0fc(257664,59,0,0) buf=r0 = 257664 "USA 7"
10.8370 poke 0x3f400=999 size 4
10.8370 poke 0x3f404=0 size 4
10.8370 poke 0x3f408=128 size 4
10.8370 poke 0x3f40c=4294967295 size 4
10.8537 callstr 0xac18(257664,226536,226800,4) buf=r0 = 257664 "1/0.50 3/1.00"
10.8850 callstr 0x2e0fc(257664,60,0,0) buf=r0 = 257664 "USA 8"
10.8850 poke 0x3f400=999 size 4
10.8850 poke 0x3f404=0 size 4
10.8850 poke 0x3f408=128 size 4
10.8850 poke 0x3f40c=4294967295 size 4
10.9170 callstr 0xac18(257664,226536,226828,4) buf=r0 = 257664 "1/1.00"
10.9333 callstr 0x2e0fc(257664,61,0,0) buf=r0 = 257664 "USA 9"
10.9333 poke 0x3f400=999 size 4
10.9333 poke 0x3f404=0 size 4
10.9333 poke 0x3f408=128 size 4
10.9333 poke 0x3f40c=4294967295 size 4
10.9490 callstr 0xac18(257664,226536,226856,8) buf=r0 = 257664 "1/0.75 2/1.50 3/2.00"
10.9810 callstr 0x2e0fc(257664,62,0,0) buf=r0 = 257664 "USA 10"
10.9810 poke 0x3f400=999 size 4
10.9810 poke 0x3f404=0 size 4
10.9810 poke 0x3f408=128 size 4
10.9810 poke 0x3f40c=4294967295 size 4
10.9975 callstr 0xac18(257664,226536,226888,8) buf=r0 = 257664 "1/1.00 3/2.00"
11.0133 callstr 0x2e0fc(257664,63,0,0) buf=r0 = 257664 "USA 11"
11.2213 end
